// Jest Snapshot v1, https://goo.gl/fbAQLP

exports[`ConversationElement component snapshot 1`] = `
<a
  className="conversationElement"
>
  <span
    className="ant-avatar ant-avatar-circle ant-avatar-image"
    style={
      {
        "backgroundColor": "white",
        "height": "4.5em",
        "width": "4.5em",
      }
    }
  >
    <img
      onError={[Function]}
      src="https://joeschmoe.io/api/v1/Elodie"
    />
  </span>
  <div
    className="info"
  >
    <span
      className="nickname"
    >
      Elodie
    </span>
    <span>
      07/07/2021
    </span>
  </div>
</a>
`;
